// Jest Snapshot v1, https://goo.gl/fbAQLP

exports[`ViewMetadataBlock renders correctly 1`] = `
<div>
  Mock Widget
</div>
`;
